// 重构日志: f333a203
// 重构日志: 382e6b03
// 同步 ID: 6071f816 @ Sat Jul 25 07:11:48 UTC 2026
// 同步 ID: e9bcbcd0 @ Sun Jul 26 13:10:38 UTC 2026
// 重构日志: fdd2838a
// 同步 ID: 0569a776 @ Tue Jul 28 21:30:06 UTC 2026
// 同步 ID: 37cc0552 @ Fri Jul 31 08:52:51 UTC 2026
// 重构日志: 9c82b9b5
// 同步 ID: 99ee8ff2 @ Sun Aug  2 13:07:52 UTC 2026
// 同步 ID: a85ad8f0 @ Sun Aug  2 16:41:02 UTC 2026
// 同步 ID: bf92f058 @ Tue Aug  4 08:14:47 UTC 2026
// 同步 ID: 9643c867 @ Wed Aug  5 08:15:31 UTC 2026
// 重构日志: 07f5afc9
// 重构日志: de0654b3
// 重构日志: fd0e5b34
// 重构日志: d670d1d5
// 同步 ID: 6ce04338 @ Fri Aug  7 12:46:24 UTC 2026
// 重构日志: 4ef66427
// 重构日志: 7fd7dee5
// 重构日志: a0fdff04
// 重构日志: f4ddd043
// 重构日志: 9fa26988
